{
  "f": "t**8 - 2*t**7 + t**6 + t**5 - 2*t**4 + t**3 - 1",
  "g": "t**8 - t**5 + 2*t**4 - t**3 - t**2 + 2*t - 1",
  "D": "-t**16 + 2*t**15 - t**14 - 2*t**12 + 5*t**11 - 2*t**10 - 7*t**9 + 13*t**8 - 7*t**7 - 2*t**6 + 5*t**5 - 2*t**4 - t**2 + 2*t - 1",
  "Delta_symmetric": "-t**8 + 2*t**7 - t**6 - 2*t**4 + 5*t**3 - 2*t**2 - 7*t + 13 - 7/t - 2/t**2 + 5/t**3 - 2/t**4 - 1/t**6 + 2/t**7 - 1/t**8",
  "reciprocal_relation": "g(t) = -t^8 f(t^-1)",
  "f_irreducible_mod_2": true,
  "g_irreducible_mod_2": true,
  "resultant": 1849,
  "bezout_A": "3*t**7 + t**6 + t**5 + 16*t**3 - 4*t**2 - 24*t - 32",
  "bezout_B": "-3*t**7 + 5*t**6 - 2*t**5 - 5*t**4 - t**3 + 19*t**2 + 2*t - 11",
  "bezout_value": 43,
  "sylvester_integer_smith_diagonal": [
    1,
    1,
    1,
    1,
    1,
    1,
    1,
    1,
    1,
    1,
    1,
    1,
    1,
    1,
    43,
    43
  ],
  "gcd_mod_43": "t**2 - 4*t + 1",
  "gcd_mod_43_irreducible": true,
  "abs_resultant_D_t11_minus1": 3418801,
  "rational_Blanchfield_metabolizer_count": 2,
  "scope": "Exact algebra. The two choices are rational module metabolizers, not all slice disks or all embedded derivatives. No non-ribbon obstruction follows."
}
