Exception in thread "Thread-1" java.lang.OutOfMemoryError: Java heap space
	at java.base/java.util.ArrayList.grow(Unknown Source)
	at java.base/java.util.ArrayList.grow(Unknown Source)
	at java.base/java.util.ArrayList.add(Unknown Source)
	at java.base/java.util.ArrayList.add(Unknown Source)
	at knotjob.homology.slthree.foam.Foam.addSingFacets(Foam.java:177)
	at knotjob.homology.slthree.foam.Foam.foamSingCircRemoved(Foam.java:543)
	at knotjob.homology.slthree.foam.Foam.checkForSingularCircles(Foam.java:531)
	at knotjob.homology.slthree.foam.Foam.simplifyFoam(Foam.java:503)
	at knotjob.homology.slthree.SlTArrow.simplifyFoams(SlTArrow.java:248)
	at knotjob.homology.slthree.SlThreeComplex.simplifyArrow(SlThreeComplex.java:518)
	at knotjob.homology.slthree.SlThreeComplex.simplifyArrowsFrom(SlThreeComplex.java:511)
	at knotjob.homology.slthree.SlThreeComplex.createDeloopedGenerators(SlThreeComplex.java:497)
	at knotjob.homology.slthree.SlThreeComplex.deloopGens(SlThreeComplex.java:480)
	at knotjob.homology.slthree.SlThreeComplex.getNewGenerators(SlThreeComplex.java:358)
	at knotjob.homology.slthree.SlThreeComplex.modifyComplex(SlThreeComplex.java:267)
	at knotjob.homology.SpecSeqCalculation.modifyComplex(SpecSeqCalculation.java:90)
	at knotjob.homology.slthree.univ.SlTSInvariant.getComplex(SlTSInvariant.java:81)
	at knotjob.homology.slthree.univ.SlTSInvariant.calculate(SlTSInvariant.java:55)
	at knotjob.homology.slthree.univ.SlTSInvariantCalculator.performKnotCalculation(SlTSInvariantCalculator.java:96)
	at knotjob.homology.slthree.univ.SlTSInvariantCalculator.performCalculation(SlTSInvariantCalculator.java:74)
	at knotjob.Calculator.run(Calculator.java:56)
