510 {2: [3, 57, 0], 3: [77, 77, 0], 4: [75, 1425, 0]}
516 {2: [3, 57, 0], 3: [77, 77, 0], 4: [75, 1425, 0]}
522 {2: [3, 57, 0], 3: [77, 77, 0], 4: [75, 1425, 0]}
525 {2: [3, 57, 0], 3: [77, 77, 0], 4: [75, 1425, 0]}
537 {2: [3, 57, 0], 3: [77, 77, 0], 4: [75, 1425, 0]}
553 {2: [3, 57, 0], 3: [77, 77, 0], 4: [75, 1425, 0]}
569 {2: [3, 57, 0], 3: [77, 77, 0], 4: [75, 1425, 0]}
621 {2: [3, 57, 0], 3: [77, 77, 0], 4: [75, 1425, 0]}
937 {2: [3, 57, 0], 3: [77, 77, 0], 4: [75, 1425, 0]}
1031 {2: [3, 57, 0], 3: [77, 77, 0], 4: [75, 1425, 0]}
1082 {2: [3, 57, 0], 3: [77, 77, 0], 4: [75, 1425, 0]}
1423 {2: [3, 57, 0], 3: [77, 77, 0], 4: [75, 1425, 0]}
1507 {2: [171, 0], 3: [77, 77, 0], 4: [25, 4275, 0]}
1513 {2: [171, 0], 3: [77, 77, 0], 4: [25, 4275, 0]}
1527 {2: [171, 0], 3: [77, 77, 0], 4: [25, 4275, 0]}
1529 {2: [171, 0], 3: [77, 77, 0], 4: [25, 4275, 0]}
1544 {2: [171, 0], 3: [77, 77, 0], 4: [25, 4275, 0]}
1552 {2: [171, 0], 3: [77, 77, 0], 4: [25, 4275, 0]}
1584 {2: [171, 0], 3: [77, 77, 0], 4: [25, 4275, 0]}
1590 {2: [171, 0], 3: [77, 77, 0], 4: [25, 4275, 0]}
1603 {2: [171, 0], 3: [77, 77, 0], 4: [25, 4275, 0]}
1628 {2: [171, 0], 3: [77, 77, 0], 4: [25, 4275, 0]}
1635 {2: [171, 0], 3: [77, 77, 0], 4: [25, 4275, 0]}
1652 {2: [171, 0], 3: [77, 77, 0], 4: [25, 4275, 0]}
1778 {2: [171, 0], 3: [77, 77, 0], 4: [25, 4275, 0]}
1808 {2: [171, 0], 3: [77, 77, 0], 4: [25, 4275, 0]}
1813 {2: [171, 0], 3: [77, 77, 0], 4: [25, 4275, 0]}
1848 {2: [171, 0], 3: [77, 77, 0], 4: [25, 4275, 0]}
1849 {2: [171, 0], 3: [77, 77, 0], 4: [25, 4275, 0]}
1869 {2: [171, 0], 3: [77, 77, 0], 4: [25, 4275, 0]}
1934 {2: [171, 0], 3: [77, 77, 0], 4: [25, 4275, 0]}
1947 {2: [171, 0], 3: [77, 77, 0], 4: [25, 4275, 0]}
1979 {2: [171, 0], 3: [77, 77, 0], 4: [25, 4275, 0]}
2245 {2: [171, 0], 3: [77, 77, 0], 4: [25, 4275, 0]}
2246 {2: [171, 0], 3: [77, 77, 0], 4: [25, 4275, 0]}
2353 {2: [171, 0], 3: [77, 77, 0], 4: [25, 4275, 0]}
2482 {2: [3, 57, 0], 3: [77, 77, 0], 4: [5, 5, 15, 285, 0]}
2490 {2: [3, 57, 0], 3: [77, 77, 0], 4: [5, 5, 15, 285, 0]}
2491 {2: [171, 0], 3: [77, 77, 0], 4: [25, 4275, 0]}
2494 {2: [171, 0], 3: [77, 77, 0], 4: [25, 4275, 0]}
2516 {2: [3, 57, 0], 3: [77, 77, 0], 4: [5, 5, 15, 285, 0]}
2646 {2: [3, 57, 0], 3: [77, 77, 0], 4: [75, 1425, 0]}
2651 {2: [171, 0], 3: [77, 77, 0], 4: [25, 4275, 0]}
2658 {2: [171, 0], 3: [77, 77, 0], 4: [25, 4275, 0]}
2663 {2: [171, 0], 3: [77, 77, 0], 4: [25, 4275, 0]}
2703 {2: [171, 0], 3: [77, 77, 0], 4: [25, 4275, 0]}
2724 {2: [171, 0], 3: [77, 77, 0], 4: [25, 4275, 0]}
2761 {2: [171, 0], 3: [77, 77, 0], 4: [25, 4275, 0]}
2809 {2: [171, 0], 3: [77, 77, 0], 4: [25, 4275, 0]}
2841 {2: [171, 0], 3: [77, 77, 0], 4: [25, 4275, 0]}
2965 {2: [171, 0], 3: [77, 77, 0], 4: [25, 4275, 0]}
2989 {2: [171, 0], 3: [77, 77, 0], 4: [25, 4275, 0]}
3082 {2: [171, 0], 3: [77, 77, 0], 4: [25, 4275, 0]}
3148 {2: [171, 0], 3: [77, 77, 0], 4: [25, 4275, 0]}
3157 {2: [171, 0], 3: [77, 77, 0], 4: [25, 4275, 0]}
3209 {2: [171, 0], 3: [77, 77, 0], 4: [25, 4275, 0]}
3319 {2: [3, 57, 0], 3: [77, 77, 0], 4: [75, 1425, 0]}
3364 {2: [3, 57, 0], 3: [77, 77, 0], 4: [5, 5, 15, 285, 0]}
3389 {2: [171, 0], 3: [77, 77, 0], 4: [25, 4275, 0]}
3500 {2: [171, 0], 3: [77, 77, 0], 4: [25, 4275, 0]}
3608 {2: [171, 0], 3: [77, 77, 0], 4: [25, 4275, 0]}
3678 {2: [171, 0], 3: [77, 77, 0], 4: [25, 4275, 0]}
3706 {2: [171, 0], 3: [77, 77, 0], 4: [25, 4275, 0]}
3761 {2: [171, 0], 3: [77, 77, 0], 4: [5, 5, 5, 855, 0]}
3775 {2: [171, 0], 3: [77, 77, 0], 4: [25, 4275, 0]}
3824 {2: [171, 0], 3: [77, 77, 0], 4: [5, 5, 5, 855, 0]}
3855 {2: [171, 0], 3: [77, 77, 0], 4: [25, 4275, 0]}
3949 {2: [171, 0], 3: [77, 77, 0], 4: [5, 5, 5, 855, 0]}
4013 {2: [171, 0], 3: [77, 77, 0], 4: [25, 4275, 0]}
4036 {2: [171, 0], 3: [77, 77, 0], 4: [5, 5, 5, 855, 0]}
4059 {2: [171, 0], 3: [77, 77, 0], 4: [5, 5, 5, 855, 0]}
4101 {2: [171, 0], 3: [77, 77, 0], 4: [5, 5, 5, 855, 0]}
4387 {2: [171, 0], 3: [77, 77, 0], 4: [25, 4275, 0]}
4420 {2: [171, 0], 3: [77, 77, 0], 4: [5, 5, 5, 855, 0]}
4628 {2: [171, 0], 3: [77, 77, 0], 4: [5, 5, 5, 855, 0]}
4704 {2: [3, 57, 0], 3: [77, 77, 0], 4: [5, 5, 15, 285, 0]}
4709 {2: [171, 0], 3: [77, 77, 0], 4: [25, 4275, 0]}
4905 {2: [171, 0], 3: [77, 77, 0], 4: [25, 4275, 0]}
4939 {2: [171, 0], 3: [77, 77, 0], 4: [25, 4275, 0]}
4958 {2: [171, 0], 3: [77, 77, 0], 4: [5, 5, 5, 855, 0]}
5108 {2: [171, 0], 3: [77, 77, 0], 4: [5, 5, 5, 855, 0]}
5407 {2: [171, 0], 3: [77, 77, 0], 4: [25, 4275, 0]}
6094 {2: [171, 0], 3: [77, 77, 0], 4: [25, 4275, 0]}
6287 {2: [171, 0], 3: [77, 77, 0], 4: [5, 5, 5, 855, 0]}
6995 {2: [171, 0], 3: [77, 77, 0], 4: [25, 4275, 0]}
7078 {2: [171, 0], 3: [77, 77, 0], 4: [25, 4275, 0]}
7602 {2: [171, 0], 3: [77, 77, 0], 4: [5, 5, 5, 855, 0]}
7800 {2: [171, 0], 3: [77, 77, 0], 4: [25, 4275, 0]}
8373 {2: [171, 0], 3: [77, 77, 0], 4: [25, 4275, 0]}
8912 {2: [171, 0], 3: [77, 77, 0], 4: [25, 4275, 0]}
8917 {2: [171, 0], 3: [77, 77, 0], 4: [5, 5, 5, 855, 0]}
8960 {2: [171, 0], 3: [77, 77, 0], 4: [25, 4275, 0]}
8966 {2: [171, 0], 3: [77, 77, 0], 4: [25, 4275, 0]}
9005 {2: [171, 0], 3: [77, 77, 0], 4: [25, 4275, 0]}
9116 {2: [171, 0], 3: [77, 77, 0], 4: [25, 4275, 0]}
9182 {2: [171, 0], 3: [77, 77, 0], 4: [25, 4275, 0]}
9340 {2: [171, 0], 3: [77, 77, 0], 4: [25, 4275, 0]}
9437 {2: [171, 0], 3: [77, 77, 0], 4: [25, 4275, 0]}
9542 {2: [171, 0], 3: [77, 77, 0], 4: [25, 4275, 0]}
9676 {2: [171, 0], 3: [77, 77, 0], 4: [25, 4275, 0]}
9821 {2: [171, 0], 3: [77, 77, 0], 4: [25, 4275, 0]}
10028 {2: [171, 0], 3: [77, 77, 0], 4: [25, 4275, 0]}
10143 {2: [171, 0], 3: [77, 77, 0], 4: [25, 4275, 0]}
10153 {2: [171, 0], 3: [77, 77, 0], 4: [25, 4275, 0]}
10187 {2: [171, 0], 3: [77, 77, 0], 4: [25, 4275, 0]}
10191 {2: [171, 0], 3: [77, 77, 0], 4: [25, 4275, 0]}
10278 {2: [171, 0], 3: [77, 77, 0], 4: [25, 4275, 0]}
10450 {2: [171, 0], 3: [77, 77, 0], 4: [25, 4275, 0]}
10466 {2: [171, 0], 3: [77, 77, 0], 4: [25, 4275, 0]}
10475 {2: [3, 57, 0], 3: [77, 77, 0], 4: [5, 5, 15, 285, 0]}
10565 {2: [171, 0], 3: [77, 77, 0], 4: [25, 4275, 0]}
10702 {2: [171, 0], 3: [77, 77, 0], 4: [25, 4275, 0]}
10753 {2: [171, 0], 3: [77, 77, 0], 4: [25, 4275, 0]}
10791 {2: [171, 0], 3: [77, 77, 0], 4: [25, 4275, 0]}
11143 {2: [171, 0], 3: [77, 77, 0], 4: [25, 4275, 0]}
11186 {2: [171, 0], 3: [77, 77, 0], 4: [25, 4275, 0]}
11211 {2: [171, 0], 3: [77, 77, 0], 4: [25, 4275, 0]}
11231 {2: [171, 0], 3: [77, 77, 0], 4: [25, 4275, 0]}
11451 {2: [171, 0], 3: [77, 77, 0], 4: [25, 4275, 0]}
11556 {2: [3, 57, 0], 3: [77, 77, 0], 4: [75, 1425, 0]}
11680 {2: [3, 57, 0], 3: [77, 77, 0], 4: [75, 1425, 0]}
11685 {2: [171, 0], 3: [77, 77, 0], 4: [25, 4275, 0]}
11686 {2: [171, 0], 3: [77, 77, 0], 4: [25, 4275, 0]}
11797 {2: [171, 0], 3: [77, 77, 0], 4: [25, 4275, 0]}
11860 {2: [3, 57, 0], 3: [77, 77, 0], 4: [75, 1425, 0]}
11890 {2: [171, 0], 3: [77, 77, 0], 4: [25, 4275, 0]}
11946 {2: [171, 0], 3: [77, 77, 0], 4: [25, 4275, 0]}
11952 {2: [171, 0], 3: [77, 77, 0], 4: [25, 4275, 0]}
12017 {2: [171, 0], 3: [77, 77, 0], 4: [25, 4275, 0]}
12018 {2: [171, 0], 3: [77, 77, 0], 4: [25, 4275, 0]}
12264 {2: [171, 0], 3: [77, 77, 0], 4: [25, 4275, 0]}
12309 {2: [3, 57, 0], 3: [77, 77, 0], 4: [75, 1425, 0]}
12395 {2: [171, 0], 3: [77, 77, 0], 4: [25, 4275, 0]}
12605 {2: [3, 57, 0], 3: [77, 77, 0], 4: [75, 1425, 0]}
12619 {2: [3, 57, 0], 3: [77, 77, 0], 4: [75, 1425, 0]}
12700 {2: [171, 0], 3: [77, 77, 0], 4: [25, 4275, 0]}
12881 {2: [3, 57, 0], 3: [77, 77, 0], 4: [75, 1425, 0]}
12885 {2: [3, 57, 0], 3: [77, 77, 0], 4: [75, 1425, 0]}
12963 {2: [171, 0], 3: [77, 77, 0], 4: [25, 4275, 0]}
13090 {2: [171, 0], 3: [77, 77, 0], 4: [25, 4275, 0]}
13131 {2: [171, 0], 3: [77, 77, 0], 4: [25, 4275, 0]}
13179 {2: [171, 0], 3: [77, 77, 0], 4: [25, 4275, 0]}
13180 {2: [171, 0], 3: [77, 77, 0], 4: [25, 4275, 0]}
13516 {2: [3, 57, 0], 3: [77, 77, 0], 4: [75, 1425, 0]}
13707 {2: [3, 57, 0], 3: [77, 77, 0], 4: [75, 1425, 0]}
14020 {2: [171, 0], 3: [77, 77, 0], 4: [25, 4275, 0]}
14570 {2: [171, 0], 3: [77, 77, 0], 4: [25, 4275, 0]}
15001 {2: [3, 57, 0], 3: [77, 77, 0], 4: [5, 5, 15, 285, 0]}
15083 {2: [171, 0], 3: [77, 77, 0], 4: [25, 4275, 0]}
15222 {2: [3, 57, 0], 3: [77, 77, 0], 4: [5, 5, 15, 285, 0]}
15603 {2: [171, 0], 3: [77, 77, 0], 4: [5, 5, 5, 855, 0]}
15643 {2: [3, 57, 0], 3: [77, 77, 0], 4: [5, 5, 15, 285, 0]}
16144 {2: [3, 57, 0], 3: [77, 77, 0], 4: [5, 5, 15, 285, 0]}
16163 {2: [171, 0], 3: [77, 77, 0], 4: [5, 5, 5, 855, 0]}
16185 {2: [171, 0], 3: [77, 77, 0], 4: [5, 5, 5, 855, 0]}
16281 {2: [3, 57, 0], 3: [77, 77, 0], 4: [5, 5, 15, 285, 0]}
16293 {2: [171, 0], 3: [77, 77, 0], 4: [25, 4275, 0]}
16296 {2: [171, 0], 3: [77, 77, 0], 4: [25, 4275, 0]}
17049 {2: [171, 0], 3: [77, 77, 0], 4: [25, 4275, 0]}
17053 {2: [171, 0], 3: [77, 77, 0], 4: [5, 5, 5, 855, 0]}
17253 {2: [171, 0], 3: [77, 77, 0], 4: [25, 4275, 0]}
17302 {2: [171, 0], 3: [77, 77, 0], 4: [5, 5, 5, 855, 0]}
17397 {2: [171, 0], 3: [77, 77, 0], 4: [25, 4275, 0]}
17599 {2: [171, 0], 3: [77, 77, 0], 4: [5, 5, 5, 855, 0]}
17681 {2: [171, 0], 3: [77, 77, 0], 4: [5, 5, 5, 855, 0]}
17888 {2: [171, 0], 3: [77, 77, 0], 4: [25, 4275, 0]}
17980 {2: [171, 0], 3: [77, 77, 0], 4: [25, 4275, 0]}
18182 {2: [171, 0], 3: [77, 77, 0], 4: [25, 4275, 0]}
18316 {2: [171, 0], 3: [77, 77, 0], 4: [25, 4275, 0]}
18456 {2: [171, 0], 3: [77, 77, 0], 4: [25, 4275, 0]}
18487 {2: [171, 0], 3: [77, 77, 0], 4: [25, 4275, 0]}
18519 {2: [171, 0], 3: [77, 77, 0], 4: [25, 4275, 0]}
18597 {2: [171, 0], 3: [77, 77, 0], 4: [5, 5, 5, 855, 0]}
18776 {2: [171, 0], 3: [77, 77, 0], 4: [25, 4275, 0]}
18867 {2: [171, 0], 3: [77, 77, 0], 4: [25, 4275, 0]}
19155 {2: [171, 0], 3: [77, 77, 0], 4: [25, 4275, 0]}
19190 {2: [171, 0], 3: [77, 77, 0], 4: [25, 4275, 0]}
19346 {2: [171, 0], 3: [77, 77, 0], 4: [25, 4275, 0]}
19624 {2: [3, 57, 0], 3: [77, 77, 0], 4: [5, 5, 15, 285, 0]}
19696 {2: [3, 57, 0], 3: [77, 77, 0], 4: [75, 1425, 0]}
20029 {2: [171, 0], 3: [77, 77, 0], 4: [25, 4275, 0]}
20054 {2: [171, 0], 3: [77, 77, 0], 4: [25, 4275, 0]}
20301 {2: [3, 57, 0], 3: [77, 77, 0], 4: [5, 5, 15, 285, 0]}
20407 {2: [3, 57, 0], 3: [77, 77, 0], 4: [5, 5, 15, 285, 0]}
{
  "status": "SOME_ENDPOINT_PAIRS_REMAIN_UNRESOLVED",
  "counterexample_established": false,
  "seconds": 5.030243421000023,
  "buckets": [
    {
      "bucket": 1,
      "counts": [
        99,
        7
      ],
      "profiles_by_side": [
        [
          [
            25,
            4275,
            0
          ]
        ],
        [
          [
            25,
            4275,
            0
          ]
        ]
      ],
      "shared_profiles": true,
      "shared": [
        [
          25,
          4275,
          0
        ]
      ]
    },
    {
      "bucket": 2,
      "counts": [
        32,
        7
      ],
      "profiles_by_side": [
        [
          [
            5,
            5,
            15,
            285,
            0
          ],
          [
            75,
            1425,
            0
          ]
        ],
        [
          [
            5,
            5,
            15,
            285,
            0
          ]
        ]
      ],
      "shared_profiles": true,
      "shared": [
        [
          5,
          5,
          15,
          285,
          0
        ]
      ]
    },
    {
      "bucket": 3,
      "counts": [
        13,
        26
      ],
      "profiles_by_side": [
        [
          [
            5,
            5,
            5,
            855,
            0
          ]
        ],
        [
          [
            5,
            5,
            5,
            855,
            0
          ],
          [
            25,
            4275,
            0
          ]
        ]
      ],
      "shared_profiles": true,
      "shared": [
        [
          5,
          5,
          5,
          855,
          0
        ]
      ]
    }
  ]
}
