{
  "counterexample_established": false,
  "seconds": 0.15285244699998657,
  "buckets": [
    {
      "bucket": 0,
      "left_nodes": [
        693,
        714,
        748,
        753,
        759,
        774,
        811,
        819,
        821,
        1208,
        1637,
        1678,
        1755,
        1802,
        1956,
        1972,
        2066,
        2069,
        2078,
        2311,
        2349,
        2358,
        2371,
        2377,
        2418,
        2500,
        2525,
        2535,
        2788,
        2812,
        2927,
        3336,
        4550,
        4952,
        5090,
        5098,
        5164,
        5301,
        5372,
        5426,
        5504,
        5514,
        5519,
        5552,
        5565,
        5673,
        5694,
        5735,
        5743,
        5777,
        5800,
        6095,
        6384,
        6413,
        6913,
        7003,
        9288,
        9339,
        9435,
        9603,
        9738,
        9744,
        9763,
        9819,
        9889,
        9933,
        9960,
        10014,
        10050,
        10088,
        10192,
        10240,
        10328,
        10419,
        10487,
        10974,
        11094,
        11254,
        11991,
        12184,
        12306,
        12445,
        12521,
        13318,
        13655,
        13699,
        13804,
        14660,
        15017,
        15121,
        15976,
        16351,
        16383,
        16418,
        16806,
        16955,
        16992,
        17600,
        17621,
        17797,
        17948,
        18053,
        18271,
        18396,
        18593,
        18764,
        19023,
        19024,
        19090,
        19201,
        19726,
        20072,
        20096,
        20224,
        20476,
        20609,
        20741,
        20744,
        20753
      ],
      "right_nodes": [
        1103,
        1541,
        2720,
        2755,
        2810,
        2874,
        3461,
        3517,
        3959,
        3993,
        6952,
        16479
      ],
      "distinct_homfly_counts": [
        1,
        1
      ],
      "shared_homfly": [],
      "unknown": [],
      "claim": "No opposite-side identification is possible if shared_homfly and unknown are both empty."
    },
    {
      "bucket": 1,
      "left_nodes": [
        1507,
        1513,
        1527,
        1529,
        1544,
        1552,
        1584,
        1590,
        1603,
        1628,
        1635,
        1652,
        1778,
        1848,
        1934,
        1947,
        2245,
        2491,
        2494,
        2651,
        2658,
        2663,
        2703,
        2724,
        2761,
        2809,
        2841,
        2965,
        2989,
        3082,
        3148,
        3157,
        3209,
        3389,
        3500,
        3608,
        3706,
        3775,
        3855,
        4013,
        4387,
        4709,
        4905,
        4939,
        5407,
        6094,
        6995,
        7078,
        7800,
        8960,
        8966,
        9005,
        9116,
        9182,
        9340,
        9437,
        9542,
        9676,
        9821,
        10028,
        10143,
        10153,
        10187,
        10191,
        10278,
        10450,
        10466,
        10565,
        10702,
        10753,
        10791,
        11143,
        11186,
        11211,
        11231,
        11451,
        11685,
        11686,
        11890,
        11946,
        12017,
        12018,
        12700,
        13090,
        13131,
        13179,
        14020,
        14570,
        15083,
        16296,
        17049,
        17253,
        17888,
        18487,
        18776,
        19155,
        19190,
        20029,
        20054
      ],
      "right_nodes": [
        11797,
        12264,
        12395,
        12963,
        13180,
        18519,
        18867
      ],
      "distinct_homfly_counts": [
        1,
        1
      ],
      "shared_homfly": [
        "y^2 + 1 - 2 x^-2 y^4 - 2 x^-2 y^2 + x^-4 y^6 + x^-4 y^4 + 2 x^-4 y^2 + x^-4 + x^-6 y^6 - 2 x^-6 y^2 - 2 x^-6 - 2 x^-8 y^4 - x^-8 y^2 + x^-8 + x^-10 y^2"
      ],
      "unknown": [],
      "claim": "No opposite-side identification is possible if shared_homfly and unknown are both empty."
    },
    {
      "bucket": 2,
      "left_nodes": [
        510,
        516,
        522,
        525,
        537,
        553,
        569,
        621,
        937,
        1031,
        1082,
        1423,
        2646,
        3319,
        11556,
        11680,
        11860,
        12309,
        12605,
        12619,
        12881,
        12885,
        13516,
        13707,
        15001,
        15222,
        15643,
        16144,
        16281,
        19624,
        19696,
        20407
      ],
      "right_nodes": [
        2482,
        2490,
        2516,
        3364,
        4704,
        10475,
        20301
      ],
      "distinct_homfly_counts": [
        1,
        1
      ],
      "shared_homfly": [
        "2 y^2 + 1 - 3 x^-2 y^4 - 3 x^-2 y^2 + x^-4 y^6 + x^-4 + x^-6 y^6 + x^-6 y^4 - 2 x^-6 - x^-8 y^4 + x^-8"
      ],
      "unknown": [],
      "claim": "No opposite-side identification is possible if shared_homfly and unknown are both empty."
    },
    {
      "bucket": 3,
      "left_nodes": [
        3761,
        3824,
        3949,
        4036,
        4059,
        4101,
        4420,
        4628,
        4958,
        5108,
        6287,
        7602,
        8917
      ],
      "right_nodes": [
        1808,
        1813,
        1849,
        1869,
        1979,
        2246,
        2353,
        3678,
        8373,
        8912,
        11952,
        15603,
        16163,
        16185,
        16293,
        17053,
        17302,
        17397,
        17599,
        17681,
        17980,
        18182,
        18316,
        18456,
        18597,
        19346
      ],
      "distinct_homfly_counts": [
        1,
        1
      ],
      "shared_homfly": [
        "-y^4 + 1 + x^-2 y^6 + x^-2 y^4 + x^-2 y^2 + x^-4 y^6 + x^-4 - 3 x^-6 y^4 - 4 x^-6 y^2 - 2 x^-6 + 2 x^-8 y^2 + x^-8"
      ],
      "unknown": [],
      "claim": "No opposite-side identification is possible if shared_homfly and unknown are both empty."
    }
  ]
}
