WARNING: The directory '/home/oai/.cache/pip' or its parent directory is not owned or is not writable by the current user. The cache has been disabled. Check the permissions and owner of that directory. If executing pip with sudo, you should use sudo's -H flag.
Looking in links: /mnt/data/sr_current_audit/wheels
Processing /mnt/data/sr_current_audit/wheels/snappy-3.3.2-cp313-cp313-manylinux_2_24_x86_64.manylinux_2_28_x86_64.whl (from -r /mnt/data/sr_current_audit/checkpoint/source/requirements.txt (line 1))
Processing /mnt/data/sr_current_audit/wheels/spherogram-2.4.1-cp313-cp313-manylinux2014_x86_64.manylinux_2_17_x86_64.manylinux_2_28_x86_64.whl (from -r /mnt/data/sr_current_audit/checkpoint/source/requirements.txt (line 2))
Processing /mnt/data/sr_current_audit/wheels/regina-7.4.1-cp313-cp313-manylinux_2_28_x86_64.whl (from -r /mnt/data/sr_current_audit/checkpoint/source/requirements.txt (line 3))
Requirement already satisfied: sympy==1.14.0 in /opt/pyvenv/lib/python3.13/site-packages (from -r /mnt/data/sr_current_audit/checkpoint/source/requirements.txt (line 4)) (1.14.0)
Requirement already satisfied: networkx==3.6.1 in /opt/pyvenv/lib/python3.13/site-packages (from -r /mnt/data/sr_current_audit/checkpoint/source/requirements.txt (line 5)) (3.6.1)
Processing /mnt/data/sr_current_audit/wheels/FXrays-1.3.6-cp313-cp313-manylinux_2_5_x86_64.manylinux1_x86_64.manylinux_2_17_x86_64.manylinux2014_x86_64.whl (from snappy==3.3.2->-r /mnt/data/sr_current_audit/checkpoint/source/requirements.txt (line 1))
Processing /mnt/data/sr_current_audit/wheels/plink-2.4.9-py3-none-any.whl (from snappy==3.3.2->-r /mnt/data/sr_current_audit/checkpoint/source/requirements.txt (line 1))
Processing /mnt/data/sr_current_audit/wheels/snappy_manifolds-1.4-py3-none-any.whl (from snappy==3.3.2->-r /mnt/data/sr_current_audit/checkpoint/source/requirements.txt (line 1))
Processing /mnt/data/sr_current_audit/wheels/low_index-1.3-cp313-cp313-manylinux_2_24_x86_64.manylinux_2_28_x86_64.whl (from snappy==3.3.2->-r /mnt/data/sr_current_audit/checkpoint/source/requirements.txt (line 1))
Processing /mnt/data/sr_current_audit/wheels/tkinter_gl-1.1-py3-none-any.whl (from snappy==3.3.2->-r /mnt/data/sr_current_audit/checkpoint/source/requirements.txt (line 1))
Requirement already satisfied: decorator in /opt/pyvenv/lib/python3.13/site-packages (from snappy==3.3.2->-r /mnt/data/sr_current_audit/checkpoint/source/requirements.txt (line 1)) (5.3.1)
Requirement already satisfied: packaging in /opt/pyvenv/lib/python3.13/site-packages (from snappy==3.3.2->-r /mnt/data/sr_current_audit/checkpoint/source/requirements.txt (line 1)) (25.0)
Processing /mnt/data/sr_current_audit/wheels/pypng-0.20220715.0-py3-none-any.whl (from snappy==3.3.2->-r /mnt/data/sr_current_audit/checkpoint/source/requirements.txt (line 1))
Processing /mnt/data/sr_current_audit/wheels/pyx-0.17-py3-none-any.whl (from snappy==3.3.2->-r /mnt/data/sr_current_audit/checkpoint/source/requirements.txt (line 1))
Processing /mnt/data/sr_current_audit/wheels/pickleshare-0.7.5-py2.py3-none-any.whl (from snappy==3.3.2->-r /mnt/data/sr_current_audit/checkpoint/source/requirements.txt (line 1))
Processing /mnt/data/sr_current_audit/wheels/cypari-2.5.6-cp313-cp313-manylinux2014_x86_64.manylinux_2_17_x86_64.whl (from snappy==3.3.2->-r /mnt/data/sr_current_audit/checkpoint/source/requirements.txt (line 1))
Requirement already satisfied: ipython>=5.0 in /opt/pyvenv/lib/python3.13/site-packages (from snappy==3.3.2->-r /mnt/data/sr_current_audit/checkpoint/source/requirements.txt (line 1)) (9.14.0)
Processing /mnt/data/sr_current_audit/wheels/knot_floer_homology-1.2.2-cp313-cp313-manylinux_2_17_x86_64.manylinux2014_x86_64.whl (from spherogram==2.4.1->-r /mnt/data/sr_current_audit/checkpoint/source/requirements.txt (line 2))
Requirement already satisfied: mpmath<1.4,>=1.1.0 in /opt/pyvenv/lib/python3.13/site-packages (from sympy==1.14.0->-r /mnt/data/sr_current_audit/checkpoint/source/requirements.txt (line 4)) (1.3.0)
Requirement already satisfied: ipython-pygments-lexers>=1.0.0 in /opt/pyvenv/lib/python3.13/site-packages (from ipython>=5.0->snappy==3.3.2->-r /mnt/data/sr_current_audit/checkpoint/source/requirements.txt (line 1)) (1.1.1)
Requirement already satisfied: jedi>=0.18.2 in /opt/pyvenv/lib/python3.13/site-packages (from ipython>=5.0->snappy==3.3.2->-r /mnt/data/sr_current_audit/checkpoint/source/requirements.txt (line 1)) (0.20.0)
Requirement already satisfied: matplotlib-inline>=0.1.6 in /opt/pyvenv/lib/python3.13/site-packages (from ipython>=5.0->snappy==3.3.2->-r /mnt/data/sr_current_audit/checkpoint/source/requirements.txt (line 1)) (0.2.2)
Requirement already satisfied: pexpect>4.6 in /opt/pyvenv/lib/python3.13/site-packages (from ipython>=5.0->snappy==3.3.2->-r /mnt/data/sr_current_audit/checkpoint/source/requirements.txt (line 1)) (4.9.0)
Requirement already satisfied: prompt_toolkit<3.1.0,>=3.0.41 in /opt/pyvenv/lib/python3.13/site-packages (from ipython>=5.0->snappy==3.3.2->-r /mnt/data/sr_current_audit/checkpoint/source/requirements.txt (line 1)) (3.0.52)
Requirement already satisfied: psutil>=7 in /opt/pyvenv/lib/python3.13/site-packages (from ipython>=5.0->snappy==3.3.2->-r /mnt/data/sr_current_audit/checkpoint/source/requirements.txt (line 1)) (7.2.2)
Requirement already satisfied: pygments>=2.14.0 in /opt/pyvenv/lib/python3.13/site-packages (from ipython>=5.0->snappy==3.3.2->-r /mnt/data/sr_current_audit/checkpoint/source/requirements.txt (line 1)) (2.20.0)
Requirement already satisfied: stack_data>=0.6.0 in /opt/pyvenv/lib/python3.13/site-packages (from ipython>=5.0->snappy==3.3.2->-r /mnt/data/sr_current_audit/checkpoint/source/requirements.txt (line 1)) (0.6.3)
Requirement already satisfied: traitlets>=5.13.0 in /opt/pyvenv/lib/python3.13/site-packages (from ipython>=5.0->snappy==3.3.2->-r /mnt/data/sr_current_audit/checkpoint/source/requirements.txt (line 1)) (5.15.0)
Requirement already satisfied: wcwidth in /opt/pyvenv/lib/python3.13/site-packages (from prompt_toolkit<3.1.0,>=3.0.41->ipython>=5.0->snappy==3.3.2->-r /mnt/data/sr_current_audit/checkpoint/source/requirements.txt (line 1)) (0.7.0)
Requirement already satisfied: parso<0.9.0,>=0.8.6 in /opt/pyvenv/lib/python3.13/site-packages (from jedi>=0.18.2->ipython>=5.0->snappy==3.3.2->-r /mnt/data/sr_current_audit/checkpoint/source/requirements.txt (line 1)) (0.8.7)
Requirement already satisfied: ptyprocess>=0.5 in /opt/pyvenv/lib/python3.13/site-packages (from pexpect>4.6->ipython>=5.0->snappy==3.3.2->-r /mnt/data/sr_current_audit/checkpoint/source/requirements.txt (line 1)) (0.7.0)
Requirement already satisfied: executing>=1.2.0 in /opt/pyvenv/lib/python3.13/site-packages (from stack_data>=0.6.0->ipython>=5.0->snappy==3.3.2->-r /mnt/data/sr_current_audit/checkpoint/source/requirements.txt (line 1)) (2.2.1)
Requirement already satisfied: asttokens>=2.1.0 in /opt/pyvenv/lib/python3.13/site-packages (from stack_data>=0.6.0->ipython>=5.0->snappy==3.3.2->-r /mnt/data/sr_current_audit/checkpoint/source/requirements.txt (line 1)) (3.0.1)
Requirement already satisfied: pure-eval in /opt/pyvenv/lib/python3.13/site-packages (from stack_data>=0.6.0->ipython>=5.0->snappy==3.3.2->-r /mnt/data/sr_current_audit/checkpoint/source/requirements.txt (line 1)) (0.2.3)
Installing collected packages: snappy_manifolds, pypng, pickleshare, cypari, tkinter-gl, regina, PyX, plink, low_index, knot_floer_homology, FXrays, spherogram, snappy

Successfully installed FXrays-1.3.6 PyX-0.17 cypari-2.5.6 knot_floer_homology-1.2.2 low_index-1.3 pickleshare-0.7.5 plink-2.4.9 pypng-0.20220715.0 regina-7.4.1 snappy-3.3.2 snappy_manifolds-1.4 spherogram-2.4.1 tkinter-gl-1.1
