/usr/local/lib/python3.11/dist-packages/plink/gui.py:33: UserWarning: Plink failed to import tkinter, GUI will not be available
  warnings.warn('Plink failed to import tkinter, GUI will not be available')
CONTROLS PASS [{'knot': '4_1', 'slope': (-1, 0)}, {'knot': '3_1', 'slope': (-1, 0)}, {'knot': '6_3', 'slope': (-1, 0)}, {'knot': '5_2', 'slope': (-1, 0)}]
Sigma_2(K_1): vol 7.2813263517 H1 Z/13; 122 dual curves; keeping cusp-0 filling (1, 0); slope bound 20
[    0.1s] curve 0: H1=Z S3_slope=None
[    0.2s] curve 1: H1=Z S3_slope=None
[    0.3s] curve 2: H1=Z S3_slope=None
[    0.4s] curve 3: H1=Z S3_slope=None
[    0.5s] curve 4: H1=Z S3_slope=None
[    0.7s] curve 5: H1=Z S3_slope=None
[    0.8s] curve 6: H1=Z S3_slope=None
[    0.9s] curve 7: H1=Z S3_slope=None
[    1.0s] curve 8: H1=Z S3_slope=None
[    1.1s] curve 9: H1=Z S3_slope=None
[    1.3s] curve 10: H1=Z S3_slope=None
[    1.4s] curve 11: H1=Z S3_slope=None
[    1.6s] curve 12: H1=Z S3_slope=None
[    1.7s] curve 13: H1=Z S3_slope=None
[    1.8s] curve 14: H1=Z S3_slope=None
[    1.9s] curve 15: H1=Z S3_slope=None
[    2.1s] curve 16: H1=Z S3_slope=None
[    2.2s] curve 17: H1=Z S3_slope=None
[    2.3s] curve 18: H1=Z S3_slope=None
[    2.4s] curve 19: H1=Z S3_slope=None
[    2.4s] curve 20: H1=Z/13 + Z S3_slope=None
[    2.4s] curve 21: H1=Z/13 + Z S3_slope=None
[    2.6s] curve 22: H1=Z S3_slope=None
[    2.7s] curve 23: H1=Z S3_slope=None
[    2.9s] curve 24: H1=Z S3_slope=None
[    3.0s] curve 25: H1=Z S3_slope=None
[    3.1s] curve 26: H1=Z S3_slope=None
[    3.3s] curve 27: H1=Z S3_slope=None
[    3.3s] curve 28: H1=None S3_slope=None
[    3.3s] curve 29: H1=None S3_slope=None
[    3.3s] curve 30: H1=None S3_slope=None
[    3.3s] curve 31: H1=None S3_slope=None
[    3.3s] curve 32: H1=None S3_slope=None
[    3.3s] curve 33: H1=None S3_slope=None
[    3.3s] curve 34: H1=None S3_slope=None
[    3.3s] curve 35: H1=None S3_slope=None
[    3.3s] curve 36: H1=None S3_slope=None
[    3.3s] curve 37: H1=None S3_slope=None
[    3.3s] curve 38: H1=None S3_slope=None
[    3.3s] curve 39: H1=None S3_slope=None
[    3.3s] curve 40: H1=None S3_slope=None
[    3.3s] curve 41: H1=None S3_slope=None
[    3.3s] curve 42: H1=None S3_slope=None
[    3.3s] curve 43: H1=None S3_slope=None
[    3.3s] curve 44: H1=None S3_slope=None
[    3.3s] curve 45: H1=None S3_slope=None
[    3.3s] curve 46: H1=None S3_slope=None
[    3.3s] curve 47: H1=None S3_slope=None
[    3.3s] curve 48: H1=None S3_slope=None
[    3.3s] curve 49: H1=None S3_slope=None
[    3.3s] curve 50: H1=None S3_slope=None
[    3.3s] curve 51: H1=None S3_slope=None
[    3.3s] curve 52: H1=None S3_slope=None
[    3.3s] curve 53: H1=None S3_slope=None
[    3.3s] curve 54: H1=None S3_slope=None
[    3.3s] curve 55: H1=None S3_slope=None
[    3.3s] curve 56: H1=None S3_slope=None
[    3.3s] curve 57: H1=None S3_slope=None
[    3.3s] curve 58: H1=None S3_slope=None
[    3.3s] curve 59: H1=None S3_slope=None
[    3.3s] curve 60: H1=None S3_slope=None
[    3.3s] curve 61: H1=None S3_slope=None
[    3.3s] curve 62: H1=None S3_slope=None
[    3.3s] curve 63: H1=None S3_slope=None
[    3.3s] curve 64: H1=None S3_slope=None
[    3.3s] curve 65: H1=None S3_slope=None
[    3.3s] curve 66: H1=None S3_slope=None
[    3.3s] curve 67: H1=None S3_slope=None
[    3.3s] curve 68: H1=None S3_slope=None
[    3.3s] curve 69: H1=None S3_slope=None
[    3.3s] curve 70: H1=None S3_slope=None
[    3.3s] curve 71: H1=None S3_slope=None
[    3.3s] curve 72: H1=None S3_slope=None
[    3.3s] curve 73: H1=None S3_slope=None
[    3.3s] curve 74: H1=None S3_slope=None
[    3.3s] curve 75: H1=None S3_slope=None
[    3.3s] curve 76: H1=None S3_slope=None
[    3.3s] curve 77: H1=None S3_slope=None
[    3.3s] curve 78: H1=None S3_slope=None
[    3.3s] curve 79: H1=None S3_slope=None
[    3.3s] curve 80: H1=None S3_slope=None
[    3.3s] curve 81: H1=None S3_slope=None
[    3.3s] curve 82: H1=None S3_slope=None
[    3.3s] curve 83: H1=None S3_slope=None
[    3.3s] curve 84: H1=None S3_slope=None
[    3.3s] curve 85: H1=None S3_slope=None
[    3.3s] curve 86: H1=None S3_slope=None
[    3.3s] curve 87: H1=None S3_slope=None
[    3.3s] curve 88: H1=None S3_slope=None
[    3.3s] curve 89: H1=None S3_slope=None
[    3.3s] curve 90: H1=None S3_slope=None
[    3.3s] curve 91: H1=None S3_slope=None
[    3.3s] curve 92: H1=None S3_slope=None
[    3.3s] curve 93: H1=None S3_slope=None
[    3.3s] curve 94: H1=None S3_slope=None
[    3.3s] curve 95: H1=None S3_slope=None
[    3.3s] curve 96: H1=None S3_slope=None
[    3.3s] curve 97: H1=None S3_slope=None
[    3.3s] curve 98: H1=None S3_slope=None
[    3.3s] curve 99: H1=None S3_slope=None
[    3.3s] curve 100: H1=None S3_slope=None
[    3.3s] curve 101: H1=None S3_slope=None
[    3.3s] curve 102: H1=None S3_slope=None
[    3.3s] curve 103: H1=None S3_slope=None
[    3.3s] curve 104: H1=None S3_slope=None
[    3.3s] curve 105: H1=None S3_slope=None
[    3.3s] curve 106: H1=None S3_slope=None
[    3.3s] curve 107: H1=None S3_slope=None
[    3.3s] curve 108: H1=None S3_slope=None
[    3.3s] curve 109: H1=None S3_slope=None
[    3.3s] curve 110: H1=None S3_slope=None
[    3.3s] curve 111: H1=None S3_slope=None
[    3.3s] curve 112: H1=None S3_slope=None
[    3.3s] curve 113: H1=None S3_slope=None
[    3.3s] curve 114: H1=None S3_slope=None
[    3.3s] curve 115: H1=None S3_slope=None
[    3.3s] curve 116: H1=None S3_slope=None
[    3.3s] curve 117: H1=None S3_slope=None
[    3.3s] curve 118: H1=None S3_slope=None
[    3.3s] curve 119: H1=None S3_slope=None
[    3.3s] curve 120: H1=None S3_slope=None
[    3.3s] curve 121: H1=None S3_slope=None
# done: 0 knot-exterior drillings found
