/usr/local/lib/python3.11/dist-packages/plink/gui.py:33: UserWarning: Plink failed to import tkinter, GUI will not be available
  warnings.warn('Plink failed to import tkinter, GUI will not be available')
Adding band 0 to 1 link(s)
  starting <Link: 1 comp; 48 cross>
[(0, 15, 1, 16), (1, 72, 2, 73), (2, 46, 3, 45), (7, 18, 8, 19), (8, 29, 9, 30), (10, 75, 11, 76), (11, 43, 12, 42), (12, 58, 13, 57), (16, 5, 17, 6), (19, 30, 20, 31), (21, 76, 22, 77), (22, 42, 23, 41), (23, 57, 24, 56), (27, 6, 28, 7), (28, 17, 29, 18), (32, 77, 33, 78), (33, 41, 34, 40), (34, 56, 35, 55), (37, 68, 38, 69), (38, 50, 39, 49), (39, 54, 40, 55), (44, 4, 45, 3), (46, 14, 47, 13), (47, 25, 48, 24), (48, 36, 49, 35), (52, 84, 53, 83), (53, 91, 54, 90), (58, 43, 59, 44), (59, 75, 60, 74), (60, 10, 61, 9), (61, 21, 62, 20), (62, 32, 63, 31), (64, 91, 65, 92), (65, 84, 66, 85), (69, 36, 70, 37), (70, 25, 71, 26), (71, 14, 72, 15), (73, 4, 74, 5), (78, 64, 79, 63), (81, 66, 82, 67), (82, 52, 83, 51), (85, 81, 86, 80), (86, 94, 87, 93), (88, 67, 89, 68), (89, 51, 90, 50), (92, 80, 93, 79), (94, 88, 95, 87), (95, 26, 0, 27)]

{
 "knot": "GST_Figure2_regina_gst",
 "date": "2026-09-11T20:53:56.557588Z",
 "box": {
  "max_bands": 1,
  "max_twists": 2,
  "max_band_len": 8,
  "paths": "shortest",
  "filter_for_plausibly_slice": true,
  "use_ribbon_link_cache": true
 },
 "seconds": 3894.6,
 "survivor_links": 1,
 "unknot_found": false
}
