{'scope': 'Follow-up to L4/T2 single-variable filter; modular nonzero entries are exact exclusions. Trivial-split tags use software Reidemeister simplification and exact final diagram identity, not saved full simplification movies. Unresolved is not slice/ribbon.', 'input_survivors': 62, 'status_counts': {'excluded_multivariable_minor': 12, 'unresolved': 50}, 'elapsed_seconds': 7.954585552215576}
0b0f0e01_3_0 unresolved [1, 1] 48 1 1
16121105_2_0 unresolved [1, 1] 48 1 1
09080706_1_0 unresolved [1, 1] 48 1 1
0d0c2f07_0_0 unresolved [1, 1] 48 1 1
0e010008_0_0 unresolved [1, 1] 48 1 1
94ac2c0a_1_0 unresolved [1, 1] 48 1 1
9981800d_3_0 unresolved [1, 1] 48 1 1
17030211_3_0 unresolved [1, 1] 48 1 1
2f071312_3_0 unresolved [1, 1] 48 1 1
02111014_0_0 unresolved [1, 1] 48 1 1
0a020115_2_0 unresolved [1, 1] 48 1 1
9b2f1716_1_0 unresolved [1, 1] 48 1 1
376b201d_3_-1 unresolved [1, 1] 48 1 1
9fa71f22_1_0 unresolved [1, 1] 48 1 1
29191825_3_0 unresolved [1, 1] 48 1 1
7abe8833_0_1 unresolved [1, 1] 48 1 1
a86b2034_0_-1 unresolved [1, 1] 48 1 1
201da838_0_-1 unresolved [1, 1] 48 1 1
1f22623e_0_0 unresolved [1, 1] 48 1 1
82979640_0_0 unresolved [1, 1] 48 1 1
2c0a0242_0_0 unresolved [1, 1] 48 1 1
54747746_3_0 unresolved [1, 1] 48 1 1
5468b446_3_0 unresolved [1, 1] 48 1 1
4f4e4d48_0_-1 unresolved [1, 1] 48 1 1
4d484b4a_3_-1 unresolved [1, 1] 48 1 1
605d564c_0_-1 unresolved [1, 1] 48 1 1
77466753_0_0 unresolved [1, 1] 48 1 1
4951605d_3_-1 unresolved [1, 1] 48 1 1
3b1da86b_3_-1 unresolved [1, 1] 48 1 1
7159586c_1_0 unresolved [1, 1] 48 1 1
7168b46e_3_-1 unresolved [1, 1] 48 1 1
77767570_0_-1 unresolved [1, 1] 48 1 1
75707372_3_-1 unresolved [1, 1] 48 1 1
b46e5a74_0_-1 unresolved [1, 1] 48 1 1
bc101476_0_0 unresolved [1, 1] 48 1 1
7dbe887b_3_1 unresolved [1, 1] 48 1 1
ad980e7e_3_0 unresolved [1, 1] 48 1 1
08b7b37f_3_0 unresolved [1, 1] 48 1 1
96404383_2_0 unresolved [1, 1] 48 1 1
8e333284_0_0 unresolved [1, 1] 48 1 1
3284878f_2_0 unresolved [1, 1] 48 1 1
b3bfbe91_3_0 unresolved [1, 1] 48 1 1
1476ab93_3_0 unresolved [1, 1] 48 1 1
788ba59d_3_0 unresolved [1, 1] 48 1 1
7c05b6aa_1_0 unresolved [1, 1] 48 1 1
be9190b0_0_0 unresolved [1, 1] 48 1 1
06b2b1b5_2_0 unresolved [1, 1] 48 1 1
010008b7_0_0 unresolved [1, 1] 48 1 1
88337dbb_3_1 unresolved [1, 1] 48 1 1
ba337dbe_0_1 unresolved [1, 1] 48 1 1
