{
  "status": "DIRECT_PD_CERTIFICATE_REPLAYED",
  "counterexample_found": false,
  "checks_by_family": {
    "original_crossing_relations": 27,
    "filled_auxiliary_edge_meridians": 20,
    "preferred_longitude_correction_trivial_on_filled_components": 2,
    "direct_conjugacy_tests": 240,
    "trace_separation": 1,
    "positive_conjugacy_control": 1,
    "cyclic_basepoint_controls": 27,
    "abelian_negative_control": 1,
    "rejected_matrix_mutation": 1,
    "rejected_PD_mutation": 1,
    "rejected_longitude_mutation": 1
  },
  "checks_passed": 322,
  "axis_traces": [
    1,
    4
  ],
  "axis_orders": [
    6,
    3
  ],
  "longitude_edge_words": [
    [
      [
        28,
        1
      ],
      [
        12,
        -1
      ],
      [
        32,
        1
      ],
      [
        47,
        1
      ],
      [
        36,
        1
      ],
      [
        24,
        -1
      ],
      [
        43,
        -1
      ],
      [
        2,
        -1
      ],
      [
        40,
        -1
      ],
      [
        51,
        -1
      ],
      [
        10,
        -1
      ],
      [
        2,
        1
      ],
      [
        43,
        1
      ],
      [
        12,
        1
      ],
      [
        16,
        -1
      ]
    ],
    [
      [
        26,
        1
      ],
      [
        22,
        -1
      ],
      [
        10,
        1
      ],
      [
        51,
        1
      ],
      [
        18,
        -1
      ]
    ],
    [
      [
        13,
        -1
      ],
      [
        31,
        1
      ],
      [
        37,
        1
      ],
      [
        23,
        -1
      ],
      [
        9,
        1
      ],
      [
        17,
        -1
      ],
      [
        27,
        1
      ]
    ]
  ],
  "longitude_images": [
    [
      3,
      1,
      2,
      1
    ],
    [
      3,
      4,
      2,
      3
    ],
    [
      2,
      3,
      1,
      2
    ]
  ],
  "group_order": 120,
  "same_axis_conjugacy_class_size": 20,
  "script_sha256": "c0847f9f2424cc2aeea7c252a051e5be06353ad5ee2d2a2299713b7969e252ef",
  "certificate_sha256": "c9131e3e4b83dc2b228a577116d24987cf2767ffa7862958e1c51cd5734f3d32",
  "dependencies": [
    "Stored PD matches the marked annulus presentation in the paper (not checked here).",
    "Product-disk exterior interpretation when applying to a 4D disk (separate)."
  ],
  "non_dependency": "No saved SnapPy group generators, peripheral words, triangulation, or old finite witness used by replay."
}
