Exception in thread "Thread-1" java.lang.OutOfMemoryError: Java heap space
	at java.base/java.util.ArrayList.grow(Unknown Source)
	at java.base/java.util.ArrayList.grow(Unknown Source)
	at java.base/java.util.ArrayList.add(Unknown Source)
	at java.base/java.util.ArrayList.add(Unknown Source)
	at knotjob.homology.slthree.foam.Facet.<init>(Facet.java:69)
	at knotjob.homology.slthree.foam.Foam.foamSingCircRemoved(Foam.java:538)
	at knotjob.homology.slthree.foam.Foam.checkForSingularCircles(Foam.java:530)
	at knotjob.homology.slthree.foam.Foam.simplifyFoam(Foam.java:503)
	at knotjob.homology.slthree.SlTArrow.simplifyFoams(SlTArrow.java:248)
	at knotjob.homology.slthree.SlThreeComplex.simplifyArrow(SlThreeComplex.java:518)
	at knotjob.homology.slthree.SlThreeComplex.combineFoams(SlThreeComplex.java:446)
	at knotjob.homology.slthree.SlThreeComplex.getNewFoams(SlThreeComplex.java:441)
	at knotjob.homology.slthree.SlThreeComplex.cancelObject(SlThreeComplex.java:417)
	at knotjob.homology.slthree.SlThreeComplex.gaussEliminate(SlThreeComplex.java:388)
	at knotjob.homology.slthree.SlThreeComplex.getNewGenerators(SlThreeComplex.java:364)
	at knotjob.homology.slthree.SlThreeComplex.modifyComplex(SlThreeComplex.java:267)
	at knotjob.homology.SpecSeqCalculation.modifyComplex(SpecSeqCalculation.java:90)
	at knotjob.homology.slthree.univ.SlTSInvariant.getComplex(SlTSInvariant.java:81)
	at knotjob.homology.slthree.univ.SlTSInvariant.calculate(SlTSInvariant.java:55)
	at knotjob.homology.slthree.univ.SlTSInvariantCalculator.performKnotCalculation(SlTSInvariantCalculator.java:102)
	at knotjob.homology.slthree.univ.SlTSInvariantCalculator.performCalculation(SlTSInvariantCalculator.java:74)
	at knotjob.Calculator.run(Calculator.java:56)
